// Jest Snapshot v1, https://jestjs.io/docs/snapshot-testing

exports[`simulation golden state matches golden snapshot with v1 1`] = `
{
  "atoms": [
    {
      "id": 0,
      "position": [
        175.086119,
        134.784236,
      ],
      "speed": [
        -0.166326,
        0.009115,
      ],
      "type": 0,
    },
    {
      "id": 1,
      "position": [
        169.399929,
        142.487003,
      ],
      "speed": [
        0.029349,
        0.581621,
      ],
      "type": 1,
    },
    {
      "id": 2,
      "position": [
        324.426596,
        89.952229,
      ],
      "speed": [
        -2.367817,
        0.266886,
      ],
      "type": 2,
    },
    {
      "id": 3,
      "position": [
        249.972475,
        22.170337,
      ],
      "speed": [
        -0.620066,
        -0.292093,
      ],
      "type": 3,
    },
    {
      "id": 4,
      "position": [
        342.573841,
        73.301499,
      ],
      "speed": [
        -0.531555,
        1.551423,
      ],
      "type": 4,
    },
    {
      "id": 5,
      "position": [
        352.140813,
        97.081021,
      ],
      "speed": [
        -0.099132,
        1.241685,
      ],
      "type": 0,
    },
    {
      "id": 6,
      "position": [
        341.946119,
        94.746655,
      ],
      "speed": [
        -0.183522,
        1.159966,
      ],
      "type": 1,
    },
    {
      "id": 7,
      "position": [
        340.296914,
        120.800571,
      ],
      "speed": [
        0.308986,
        1.832794,
      ],
      "type": 2,
    },
    {
      "id": 8,
      "position": [
        579.291345,
        -0.074192,
      ],
      "speed": [
        0.018552,
        0.009656,
      ],
      "type": 3,
    },
    {
      "id": 9,
      "position": [
        663.774526,
        103.599143,
      ],
      "speed": [
        0.093803,
        -0.132392,
      ],
      "type": 4,
    },
    {
      "id": 10,
      "position": [
        164.284367,
        152.296245,
      ],
      "speed": [
        0.177236,
        -0.461212,
      ],
      "type": 0,
    },
    {
      "id": 11,
      "position": [
        266.172968,
        166.108838,
      ],
      "speed": [
        0.207844,
        -0.6144,
      ],
      "type": 1,
    },
    {
      "id": 12,
      "position": [
        249.675638,
        179.476402,
      ],
      "speed": [
        0.167788,
        -0.43913,
      ],
      "type": 2,
    },
    {
      "id": 13,
      "position": [
        427.862312,
        121.061819,
      ],
      "speed": [
        0.650043,
        0.22893,
      ],
      "type": 3,
    },
    {
      "id": 14,
      "position": [
        346.598225,
        63.847626,
      ],
      "speed": [
        -0.948258,
        1.710044,
      ],
      "type": 4,
    },
    {
      "id": 15,
      "position": [
        333.090154,
        82.979036,
      ],
      "speed": [
        -0.71617,
        1.520123,
      ],
      "type": 0,
    },
    {
      "id": 16,
      "position": [
        474.209369,
        244.474365,
      ],
      "speed": [
        0.603541,
        0.391036,
      ],
      "type": 1,
    },
    {
      "id": 17,
      "position": [
        457.11862,
        233.700972,
      ],
      "speed": [
        -0.004914,
        -0.05722,
      ],
      "type": 2,
    },
    {
      "id": 18,
      "position": [
        574.77151,
        93.626266,
      ],
      "speed": [
        -0.103502,
        0.049212,
      ],
      "type": 3,
    },
    {
      "id": 19,
      "position": [
        686.043305,
        188.889427,
      ],
      "speed": [
        0.074587,
        0.044196,
      ],
      "type": 4,
    },
    {
      "id": 20,
      "position": [
        267.701481,
        158.104746,
      ],
      "speed": [
        0.155805,
        -0.292777,
      ],
      "type": 0,
    },
    {
      "id": 21,
      "position": [
        131.35281,
        310.230634,
      ],
      "speed": [
        0.372495,
        -0.692774,
      ],
      "type": 1,
    },
    {
      "id": 22,
      "position": [
        277.290332,
        184.175654,
      ],
      "speed": [
        0.230806,
        -0.47986,
      ],
      "type": 2,
    },
    {
      "id": 23,
      "position": [
        364.379215,
        201.433927,
      ],
      "speed": [
        0.063519,
        -0.009887,
      ],
      "type": 3,
    },
    {
      "id": 24,
      "position": [
        503.064467,
        263.819968,
      ],
      "speed": [
        0.003079,
        0.079312,
      ],
      "type": 4,
    },
    {
      "id": 25,
      "position": [
        483.18039,
        250.220593,
      ],
      "speed": [
        -0.373801,
        -0.209061,
      ],
      "type": 0,
    },
    {
      "id": 26,
      "position": [
        543.186531,
        284.846159,
      ],
      "speed": [
        0.972306,
        0.49641,
      ],
      "type": 1,
    },
    {
      "id": 27,
      "position": [
        562.869121,
        291.853686,
      ],
      "speed": [
        -0.243403,
        0.032019,
      ],
      "type": 2,
    },
    {
      "id": 28,
      "position": [
        572.353811,
        193.431466,
      ],
      "speed": [
        0.045135,
        0.086865,
      ],
      "type": 3,
    },
    {
      "id": 29,
      "position": [
        603.229119,
        260.108952,
      ],
      "speed": [
        -0.030572,
        0.134089,
      ],
      "type": 4,
    },
    {
      "id": 30,
      "position": [
        137.112686,
        300.909013,
      ],
      "speed": [
        -0.161846,
        0.265344,
      ],
      "type": 0,
    },
    {
      "id": 31,
      "position": [
        318.571933,
        361.307097,
      ],
      "speed": [
        0.528384,
        0.184651,
      ],
      "type": 1,
    },
    {
      "id": 32,
      "position": [
        319.70509,
        342.411922,
      ],
      "speed": [
        0.581661,
        0.225122,
      ],
      "type": 2,
    },
    {
      "id": 33,
      "position": [
        384.300818,
        299.249074,
      ],
      "speed": [
        0.029607,
        -0.111211,
      ],
      "type": 3,
    },
    {
      "id": 34,
      "position": [
        512.657114,
        269.488054,
      ],
      "speed": [
        -0.093443,
        0.060819,
      ],
      "type": 4,
    },
    {
      "id": 35,
      "position": [
        534.543271,
        281.372037,
      ],
      "speed": [
        -0.903652,
        -0.258136,
      ],
      "type": 0,
    },
    {
      "id": 36,
      "position": [
        483.278455,
        357.515871,
      ],
      "speed": [
        0.446946,
        0.249297,
      ],
      "type": 1,
    },
    {
      "id": 37,
      "position": [
        462.806694,
        354.250845,
      ],
      "speed": [
        0.222885,
        0.167349,
      ],
      "type": 2,
    },
    {
      "id": 38,
      "position": [
        671.378186,
        282.810297,
      ],
      "speed": [
        -0.029415,
        -0.057504,
      ],
      "type": 3,
    },
    {
      "id": 39,
      "position": [
        755.824298,
        274.824238,
      ],
      "speed": [
        0.212839,
        -0.159513,
      ],
      "type": 4,
    },
    {
      "id": 40,
      "position": [
        127.010752,
        317.823191,
      ],
      "speed": [
        -0.190083,
        0.341433,
      ],
      "type": 0,
    },
    {
      "id": 41,
      "position": [
        246.284924,
        430.303044,
      ],
      "speed": [
        1.169945,
        0.43589,
      ],
      "type": 1,
    },
    {
      "id": 42,
      "position": [
        232.022195,
        505.600608,
      ],
      "speed": [
        -0.502592,
        0.340298,
      ],
      "type": 2,
    },
    {
      "id": 43,
      "position": [
        418.951056,
        425.864047,
      ],
      "speed": [
        -0.090906,
        0.209125,
      ],
      "type": 3,
    },
    {
      "id": 44,
      "position": [
        516.983098,
        370.24642,
      ],
      "speed": [
        0.229682,
        0.161008,
      ],
      "type": 4,
    },
    {
      "id": 45,
      "position": [
        493.515093,
        359.947955,
      ],
      "speed": [
        0.025881,
        0.154886,
      ],
      "type": 0,
    },
    {
      "id": 46,
      "position": [
        558.69453,
        392.30274,
      ],
      "speed": [
        -0.256687,
        -0.109993,
      ],
      "type": 1,
    },
    {
      "id": 47,
      "position": [
        578.968785,
        387.442314,
      ],
      "speed": [
        0.174735,
        0.119338,
      ],
      "type": 2,
    },
    {
      "id": 48,
      "position": [
        664.247317,
        382.511416,
      ],
      "speed": [
        0.11329,
        -0.020004,
      ],
      "type": 3,
    },
    {
      "id": 49,
      "position": [
        731.936643,
        360.243188,
      ],
      "speed": [
        0.282551,
        0.018952,
      ],
      "type": 4,
    },
    {
      "id": 50,
      "position": [
        249.411965,
        438.504523,
      ],
      "speed": [
        0.949599,
        0.76053,
      ],
      "type": 0,
    },
    {
      "id": 51,
      "position": [
        219.578814,
        488.647645,
      ],
      "speed": [
        -0.969531,
        0.002568,
      ],
      "type": 1,
    },
    {
      "id": 52,
      "position": [
        238.326566,
        479.360307,
      ],
      "speed": [
        -0.325788,
        0.406596,
      ],
      "type": 2,
    },
    {
      "id": 53,
      "position": [
        340.650621,
        488.400806,
      ],
      "speed": [
        -0.222471,
        0.176065,
      ],
      "type": 3,
    },
    {
      "id": 54,
      "position": [
        526.42698,
        374.981524,
      ],
      "speed": [
        0.029358,
        0.071765,
      ],
      "type": 4,
    },
    {
      "id": 55,
      "position": [
        549.186839,
        386.905153,
      ],
      "speed": [
        0.396415,
        0.263627,
      ],
      "type": 0,
    },
    {
      "id": 56,
      "position": [
        478.336189,
        494.414532,
      ],
      "speed": [
        -0.035576,
        0.127487,
      ],
      "type": 1,
    },
    {
      "id": 57,
      "position": [
        565.154869,
        412.233223,
      ],
      "speed": [
        0.200212,
        0.111138,
      ],
      "type": 2,
    },
    {
      "id": 58,
      "position": [
        635.332698,
        479.600026,
      ],
      "speed": [
        0.246482,
        -0.002203,
      ],
      "type": 3,
    },
    {
      "id": 59,
      "position": [
        699.00263,
        439.312926,
      ],
      "speed": [
        0.187517,
        -0.003686,
      ],
      "type": 4,
    },
    {
      "id": 60,
      "position": [
        211.660677,
        485.568224,
      ],
      "speed": [
        -0.107464,
        0.187778,
      ],
      "type": 0,
    },
    {
      "id": 61,
      "position": [
        264.246165,
        338.185306,
      ],
      "speed": [
        0.853292,
        -0.011775,
      ],
      "type": 1,
    },
    {
      "id": 62,
      "position": [
        244.720147,
        333.435816,
      ],
      "speed": [
        0.663954,
        -0.258672,
      ],
      "type": 2,
    },
    {
      "id": 63,
      "position": [
        402.445952,
        567.200942,
      ],
      "speed": [
        -0.006648,
        0.009985,
      ],
      "type": 3,
    },
    {
      "id": 64,
      "position": [
        509.155135,
        506.408189,
      ],
      "speed": [
        0.277581,
        0.255202,
      ],
      "type": 4,
    },
    {
      "id": 65,
      "position": [
        487.623401,
        497.884687,
      ],
      "speed": [
        0.383915,
        0.288824,
      ],
      "type": 0,
    },
    {
      "id": 66,
      "position": [
        547.698342,
        527.45559,
      ],
      "speed": [
        0.070645,
        0.080058,
      ],
      "type": 1,
    },
    {
      "id": 67,
      "position": [
        564.898108,
        538.314508,
      ],
      "speed": [
        0.227435,
        0.163204,
      ],
      "type": 2,
    },
    {
      "id": 68,
      "position": [
        614.528881,
        615.073877,
      ],
      "speed": [
        0.112068,
        0.280133,
      ],
      "type": 3,
    },
    {
      "id": 69,
      "position": [
        707.036373,
        506.388438,
      ],
      "speed": [
        0.25594,
        0.127391,
      ],
      "type": 4,
    },
    {
      "id": 70,
      "position": [
        273.364073,
        340.732037,
      ],
      "speed": [
        0.498176,
        -0.034362,
      ],
      "type": 0,
    },
    {
      "id": 71,
      "position": [
        272.569482,
        586.230212,
      ],
      "speed": [
        0.06167,
        0.130945,
      ],
      "type": 1,
    },
    {
      "id": 72,
      "position": [
        287.56228,
        575.846803,
      ],
      "speed": [
        0.046681,
        0.096742,
      ],
      "type": 2,
    },
    {
      "id": 73,
      "position": [
        356.864634,
        657.20097,
      ],
      "speed": [
        -0.005432,
        0.012222,
      ],
      "type": 3,
    },
    {
      "id": 74,
      "position": [
        518.341185,
        510.69511,
      ],
      "speed": [
        0.228265,
        0.209248,
      ],
      "type": 4,
    },
    {
      "id": 75,
      "position": [
        539.565298,
        522.422004,
      ],
      "speed": [
        0.352948,
        0.256027,
      ],
      "type": 0,
    },
    {
      "id": 76,
      "position": [
        491.127291,
        611.014265,
      ],
      "speed": [
        0.109321,
        0.088073,
      ],
      "type": 1,
    },
    {
      "id": 77,
      "position": [
        506.929776,
        619.916386,
      ],
      "speed": [
        0.094931,
        0.098127,
      ],
      "type": 2,
    },
    {
      "id": 78,
      "position": [
        565.36526,
        702.164766,
      ],
      "speed": [
        0.030104,
        0.179745,
      ],
      "type": 3,
    },
    {
      "id": 79,
      "position": [
        683.262083,
        576.845446,
      ],
      "speed": [
        0.093769,
        0.124523,
      ],
      "type": 4,
    },
  ],
  "links": [
    [
      0,
      1,
    ],
    [
      1,
      10,
    ],
    [
      4,
      5,
    ],
    [
      5,
      6,
    ],
    [
      6,
      15,
    ],
    [
      11,
      20,
    ],
    [
      14,
      15,
    ],
    [
      16,
      25,
    ],
    [
      21,
      30,
    ],
    [
      24,
      25,
    ],
    [
      26,
      35,
    ],
    [
      34,
      35,
    ],
    [
      36,
      45,
    ],
    [
      41,
      50,
    ],
    [
      44,
      45,
    ],
    [
      46,
      55,
    ],
    [
      51,
      60,
    ],
    [
      54,
      55,
    ],
    [
      56,
      65,
    ],
    [
      61,
      70,
    ],
    [
      64,
      65,
    ],
    [
      66,
      75,
    ],
    [
      74,
      75,
    ],
    [
      11,
      12,
    ],
    [
      36,
      37,
    ],
    [
      61,
      62,
    ],
    [
      71,
      72,
    ],
    [
      16,
      17,
    ],
    [
      46,
      47,
    ],
    [
      46,
      57,
    ],
    [
      66,
      67,
    ],
    [
      76,
      77,
    ],
    [
      24,
      34,
    ],
    [
      4,
      14,
    ],
    [
      44,
      54,
    ],
    [
      6,
      7,
    ],
    [
      11,
      22,
    ],
    [
      51,
      52,
    ],
    [
      21,
      40,
    ],
    [
      64,
      74,
    ],
    [
      42,
      51,
    ],
    [
      26,
      27,
    ],
    [
      31,
      32,
    ],
    [
      2,
      6,
    ],
  ],
}
`;

exports[`simulation golden state matches golden snapshot with v2 1`] = `
{
  "atoms": [
    {
      "id": 80,
      "position": [
        172.62445,
        170.995288,
      ],
      "speed": [
        0.229733,
        0.376552,
      ],
      "type": 0,
    },
    {
      "id": 81,
      "position": [
        181.545359,
        167.072279,
      ],
      "speed": [
        0.204418,
        0.270979,
      ],
      "type": 1,
    },
    {
      "id": 82,
      "position": [
        369.813716,
        91.106784,
      ],
      "speed": [
        4.669853,
        -0.37134,
      ],
      "type": 2,
    },
    {
      "id": 83,
      "position": [
        366.847021,
        0.977916,
      ],
      "speed": [
        0.035282,
        -0.186179,
      ],
      "type": 3,
    },
    {
      "id": 84,
      "position": [
        524.918741,
        98.148105,
      ],
      "speed": [
        0.21785,
        -0.22542,
      ],
      "type": 4,
    },
    {
      "id": 85,
      "position": [
        521.060613,
        72.524539,
      ],
      "speed": [
        0.152879,
        -0.273305,
      ],
      "type": 0,
    },
    {
      "id": 86,
      "position": [
        512.147559,
        68.50074,
      ],
      "speed": [
        0.218754,
        -0.38306,
      ],
      "type": 1,
    },
    {
      "id": 87,
      "position": [
        511.293822,
        46.012826,
      ],
      "speed": [
        0.035702,
        -0.378646,
      ],
      "type": 2,
    },
    {
      "id": 88,
      "position": [
        536.163227,
        -0.113993,
      ],
      "speed": [
        0.220341,
        0.111329,
      ],
      "type": 3,
    },
    {
      "id": 89,
      "position": [
        608.532831,
        122.258471,
      ],
      "speed": [
        0.091143,
        0.143357,
      ],
      "type": 4,
    },
    {
      "id": 90,
      "position": [
        190.123249,
        162.477663,
      ],
      "speed": [
        0.12137,
        0.162156,
      ],
      "type": 0,
    },
    {
      "id": 91,
      "position": [
        183.471589,
        283.25829,
      ],
      "speed": [
        2.004603,
        -0.848931,
      ],
      "type": 1,
    },
    {
      "id": 92,
      "position": [
        162.935075,
        281.580274,
      ],
      "speed": [
        1.945983,
        -0.699212,
      ],
      "type": 2,
    },
    {
      "id": 93,
      "position": [
        440.186848,
        173.656038,
      ],
      "speed": [
        0.080113,
        0.127227,
      ],
      "type": 3,
    },
    {
      "id": 94,
      "position": [
        514.267789,
        96.875761,
      ],
      "speed": [
        0.272361,
        -0.413128,
      ],
      "type": 4,
    },
    {
      "id": 95,
      "position": [
        503.648506,
        73.269593,
      ],
      "speed": [
        0.149828,
        -0.464418,
      ],
      "type": 0,
    },
    {
      "id": 96,
      "position": [
        515.215826,
        140.110023,
      ],
      "speed": [
        0.069421,
        -0.068956,
      ],
      "type": 1,
    },
    {
      "id": 97,
      "position": [
        568.298968,
        156.429601,
      ],
      "speed": [
        -0.11516,
        -0.468872,
      ],
      "type": 2,
    },
    {
      "id": 98,
      "position": [
        624.506967,
        46.940627,
      ],
      "speed": [
        0.239722,
        -0.045928,
      ],
      "type": 3,
    },
    {
      "id": 99,
      "position": [
        729.347964,
        165.446813,
      ],
      "speed": [
        0.312011,
        -0.138937,
      ],
      "type": 4,
    },
    {
      "id": 100,
      "position": [
        191.603159,
        279.096209,
      ],
      "speed": [
        2.23045,
        -0.900045,
      ],
      "type": 0,
    },
    {
      "id": 101,
      "position": [
        471.184671,
        106.016439,
      ],
      "speed": [
        0.62132,
        0.240032,
      ],
      "type": 1,
    },
    {
      "id": 102,
      "position": [
        168.867853,
        303.18635,
      ],
      "speed": [
        2.124331,
        -0.660814,
      ],
      "type": 2,
    },
    {
      "id": 103,
      "position": [
        353.428327,
        216.372262,
      ],
      "speed": [
        -0.49329,
        0.233261,
      ],
      "type": 3,
    },
    {
      "id": 104,
      "position": [
        513.981907,
        108.960897,
      ],
      "speed": [
        0.162431,
        -0.23401,
      ],
      "type": 4,
    },
    {
      "id": 105,
      "position": [
        519.091129,
        131.475822,
      ],
      "speed": [
        0.061013,
        -0.068749,
      ],
      "type": 0,
    },
    {
      "id": 106,
      "position": [
        548.690464,
        145.706333,
      ],
      "speed": [
        -0.110553,
        -0.322614,
      ],
      "type": 1,
    },
    {
      "id": 107,
      "position": [
        549.447202,
        169.702003,
      ],
      "speed": [
        -0.216944,
        -0.335631,
      ],
      "type": 2,
    },
    {
      "id": 108,
      "position": [
        667.692302,
        158.697948,
      ],
      "speed": [
        0.337134,
        -0.202973,
      ],
      "type": 3,
    },
    {
      "id": 109,
      "position": [
        704.898999,
        247.566897,
      ],
      "speed": [
        0.233008,
        0.077967,
      ],
      "type": 4,
    },
    {
      "id": 110,
      "position": [
        480.737445,
        105.503779,
      ],
      "speed": [
        0.455344,
        0.091471,
      ],
      "type": 0,
    },
    {
      "id": 111,
      "position": [
        159.415409,
        145.887239,
      ],
      "speed": [
        -0.696011,
        4.389855,
      ],
      "type": 1,
    },
    {
      "id": 112,
      "position": [
        293.474992,
        295.873173,
      ],
      "speed": [
        -0.067326,
        -0.008133,
      ],
      "type": 2,
    },
    {
      "id": 113,
      "position": [
        392.078117,
        309.028269,
      ],
      "speed": [
        0.296176,
        -0.069493,
      ],
      "type": 3,
    },
    {
      "id": 114,
      "position": [
        524.958871,
        112.412324,
      ],
      "speed": [
        0.09227,
        -0.267344,
      ],
      "type": 4,
    },
    {
      "id": 115,
      "position": [
        543.267426,
        137.599628,
      ],
      "speed": [
        -0.060919,
        -0.367672,
      ],
      "type": 0,
    },
    {
      "id": 116,
      "position": [
        532.119065,
        361.348867,
      ],
      "speed": [
        0.421172,
        0.14012,
      ],
      "type": 1,
    },
    {
      "id": 117,
      "position": [
        511.038808,
        348.989866,
      ],
      "speed": [
        0.368041,
        0.342037,
      ],
      "type": 2,
    },
    {
      "id": 118,
      "position": [
        619.481099,
        246.372936,
      ],
      "speed": [
        -0.157676,
        -0.414584,
      ],
      "type": 3,
    },
    {
      "id": 119,
      "position": [
        666.614627,
        322.573373,
      ],
      "speed": [
        -0.217842,
        0.078924,
      ],
      "type": 4,
    },
    {
      "id": 120,
      "position": [
        154.151007,
        153.952727,
      ],
      "speed": [
        -0.208466,
        3.587637,
      ],
      "type": 0,
    },
    {
      "id": 121,
      "position": [
        398.240605,
        731.932995,
      ],
      "speed": [
        4.178971,
        1.61816,
      ],
      "type": 1,
    },
    {
      "id": 122,
      "position": [
        371.663209,
        710.767711,
      ],
      "speed": [
        2.464975,
        0.753925,
      ],
      "type": 2,
    },
    {
      "id": 123,
      "position": [
        402.711305,
        408.825785,
      ],
      "speed": [
        -0.009392,
        -0.054889,
      ],
      "type": 3,
    },
    {
      "id": 124,
      "position": [
        561.889784,
        350.439862,
      ],
      "speed": [
        0.165236,
        -0.043687,
      ],
      "type": 4,
    },
    {
      "id": 125,
      "position": [
        541.594319,
        361.56475,
      ],
      "speed": [
        0.442815,
        0.144708,
      ],
      "type": 0,
    },
    {
      "id": 126,
      "position": [
        588.036857,
        333.74456,
      ],
      "speed": [
        0.082101,
        -0.3508,
      ],
      "type": 1,
    },
    {
      "id": 127,
      "position": [
        605.126974,
        319.710479,
      ],
      "speed": [
        -0.19514,
        -0.644831,
      ],
      "type": 2,
    },
    {
      "id": 128,
      "position": [
        696.322752,
        392.04928,
      ],
      "speed": [
        0.27772,
        0.028705,
      ],
      "type": 3,
    },
    {
      "id": 129,
      "position": [
        760.585265,
        351.14728,
      ],
      "speed": [
        0.291355,
        -0.042698,
      ],
      "type": 4,
    },
    {
      "id": 130,
      "position": [
        411.13092,
        726.975212,
      ],
      "speed": [
        2.589462,
        2.917657,
      ],
      "type": 0,
    },
    {
      "id": 131,
      "position": [
        344.220534,
        98.491935,
      ],
      "speed": [
        -0.407892,
        2.642622,
      ],
      "type": 1,
    },
    {
      "id": 132,
      "position": [
        348.492277,
        483.818302,
      ],
      "speed": [
        0.001144,
        -0.072359,
      ],
      "type": 2,
    },
    {
      "id": 133,
      "position": [
        446.513119,
        502.496677,
      ],
      "speed": [
        0.024955,
        -0.094766,
      ],
      "type": 3,
    },
    {
      "id": 134,
      "position": [
        556.22899,
        342.371393,
      ],
      "speed": [
        0.224216,
        -0.070042,
      ],
      "type": 4,
    },
    {
      "id": 135,
      "position": [
        578.71528,
        335.715195,
      ],
      "speed": [
        0.133486,
        -0.162491,
      ],
      "type": 0,
    },
    {
      "id": 136,
      "position": [
        495.552413,
        433.438777,
      ],
      "speed": [
        -0.0217,
        -0.700213,
      ],
      "type": 1,
    },
    {
      "id": 137,
      "position": [
        606.861529,
        346.003653,
      ],
      "speed": [
        0.114864,
        -0.504798,
      ],
      "type": 2,
    },
    {
      "id": 138,
      "position": [
        602.042196,
        484.748632,
      ],
      "speed": [
        0.050711,
        0.270349,
      ],
      "type": 3,
    },
    {
      "id": 139,
      "position": [
        681.47656,
        442.028797,
      ],
      "speed": [
        0.024368,
        0.043551,
      ],
      "type": 4,
    },
    {
      "id": 140,
      "position": [
        358.230731,
        104.935179,
      ],
      "speed": [
        2.211699,
        0.833339,
      ],
      "type": 0,
    },
    {
      "id": 141,
      "position": [
        31.60714,
        121.218923,
      ],
      "speed": [
        -3.519325,
        0.873439,
      ],
      "type": 1,
    },
    {
      "id": 142,
      "position": [
        56.137617,
        115.350857,
      ],
      "speed": [
        -3.175721,
        0.586259,
      ],
      "type": 2,
    },
    {
      "id": 143,
      "position": [
        392.434299,
        589.495044,
      ],
      "speed": [
        -0.002196,
        -0.007778,
      ],
      "type": 3,
    },
    {
      "id": 144,
      "position": [
        527.99462,
        430.792024,
      ],
      "speed": [
        0.246563,
        0.409744,
      ],
      "type": 4,
    },
    {
      "id": 145,
      "position": [
        504.860423,
        432.172063,
      ],
      "speed": [
        0.005859,
        -0.528695,
      ],
      "type": 0,
    },
    {
      "id": 146,
      "position": [
        553.317593,
        437.202381,
      ],
      "speed": [
        -0.016723,
        1.255932,
      ],
      "type": 1,
    },
    {
      "id": 147,
      "position": [
        565.023935,
        415.39976,
      ],
      "speed": [
        1.958844,
        2.216176,
      ],
      "type": 2,
    },
    {
      "id": 148,
      "position": [
        611.233594,
        591.753225,
      ],
      "speed": [
        0.089774,
        0.073307,
      ],
      "type": 3,
    },
    {
      "id": 149,
      "position": [
        689.463343,
        507.029533,
      ],
      "speed": [
        0.172117,
        0.10372,
      ],
      "type": 4,
    },
    {
      "id": 150,
      "position": [
        22.751045,
        124.459845,
      ],
      "speed": [
        -3.279823,
        0.714296,
      ],
      "type": 0,
    },
    {
      "id": 151,
      "position": [
        292.243186,
        570.414297,
      ],
      "speed": [
        0.02187,
        0.035631,
      ],
      "type": 1,
    },
    {
      "id": 152,
      "position": [
        290.676699,
        552.251177,
      ],
      "speed": [
        -0.047869,
        0.037617,
      ],
      "type": 2,
    },
    {
      "id": 153,
      "position": [
        406.782567,
        713.141509,
      ],
      "speed": [
        3.409645,
        1.83697,
      ],
      "type": 3,
    },
    {
      "id": 154,
      "position": [
        518.764162,
        434.351699,
      ],
      "speed": [
        0.083103,
        0.155808,
      ],
      "type": 4,
    },
    {
      "id": 155,
      "position": [
        543.887518,
        438.523012,
      ],
      "speed": [
        -0.121553,
        0.548662,
      ],
      "type": 0,
    },
    {
      "id": 156,
      "position": [
        499.731429,
        586.184198,
      ],
      "speed": [
        0.208682,
        0.221528,
      ],
      "type": 1,
    },
    {
      "id": 157,
      "position": [
        512.525828,
        573.093762,
      ],
      "speed": [
        0.009005,
        0.055406,
      ],
      "type": 2,
    },
    {
      "id": 158,
      "position": [
        559.400247,
        677.91839,
      ],
      "speed": [
        -0.000596,
        0.002431,
      ],
      "type": 3,
    },
    {
      "id": 159,
      "position": [
        684.51184,
        581.087437,
      ],
      "speed": [
        0.168466,
        0.181131,
      ],
      "type": 4,
    },
  ],
  "links": [
    [
      80,
      81,
    ],
    [
      81,
      90,
    ],
    [
      84,
      85,
    ],
    [
      85,
      86,
    ],
    [
      86,
      95,
    ],
    [
      91,
      100,
    ],
    [
      94,
      95,
    ],
    [
      96,
      105,
    ],
    [
      101,
      110,
    ],
    [
      104,
      105,
    ],
    [
      106,
      115,
    ],
    [
      111,
      120,
    ],
    [
      114,
      115,
    ],
    [
      116,
      125,
    ],
    [
      121,
      130,
    ],
    [
      124,
      125,
    ],
    [
      126,
      135,
    ],
    [
      131,
      140,
    ],
    [
      134,
      135,
    ],
    [
      136,
      145,
    ],
    [
      141,
      150,
    ],
    [
      144,
      145,
    ],
    [
      146,
      155,
    ],
    [
      154,
      155,
    ],
    [
      91,
      92,
    ],
    [
      116,
      117,
    ],
    [
      141,
      142,
    ],
    [
      151,
      152,
    ],
    [
      126,
      127,
    ],
    [
      126,
      137,
    ],
    [
      146,
      147,
    ],
    [
      156,
      157,
    ],
    [
      104,
      114,
    ],
    [
      84,
      94,
    ],
    [
      124,
      134,
    ],
    [
      86,
      87,
    ],
    [
      91,
      102,
    ],
    [
      144,
      154,
    ],
    [
      94,
      104,
    ],
    [
      84,
      114,
    ],
    [
      106,
      107,
    ],
    [
      97,
      106,
    ],
    [
      121,
      153,
    ],
    [
      82,
      131,
    ],
    [
      130,
      153,
    ],
  ],
}
`;
